[2019-10-01T22:21:24.988+0500][gc,heap] Heap region size: 1M
[2019-10-01T22:21:24.996+0500][gc     ] Using G1
[2019-10-01T22:21:24.996+0500][gc,heap,coops] Heap address: 0x00000007c0000000, size: 1024 MB, Compressed Oops mode: Zero based, Oop shift amount: 3
[2019-10-01T22:21:24.997+0500][gc,cds       ] Mark closed archive regions in map: [0x00000007fff00000, 0x00000007fff6fff8]
[2019-10-01T22:21:24.997+0500][gc,cds       ] Mark open archive regions in map: [0x00000007ffe00000, 0x00000007ffe47ff8]
[2019-10-01T22:21:25.011+0500][gc           ] Periodic GC disabled
[2019-10-01T22:21:26.068+0500][gc,start     ] GC(0) Pause Young (Normal) (G1 Evacuation Pause)
[2019-10-01T22:21:26.068+0500][gc,task      ] GC(0) Using 10 workers of 10 for evacuation
[2019-10-01T22:21:26.076+0500][gc,phases    ] GC(0)   Pre Evacuate Collection Set: 0.0ms
[2019-10-01T22:21:26.076+0500][gc,phases    ] GC(0)   Evacuate Collection Set: 7.4ms
[2019-10-01T22:21:26.076+0500][gc,phases    ] GC(0)   Post Evacuate Collection Set: 0.4ms
[2019-10-01T22:21:26.076+0500][gc,phases    ] GC(0)   Other: 0.9ms
[2019-10-01T22:21:26.076+0500][gc,heap      ] GC(0) Eden regions: 51->0(45)
[2019-10-01T22:21:26.076+0500][gc,heap      ] GC(0) Survivor regions: 0->6(7)
[2019-10-01T22:21:26.076+0500][gc,heap      ] GC(0) Old regions: 0->0
[2019-10-01T22:21:26.076+0500][gc,heap      ] GC(0) Archive regions: 2->2
[2019-10-01T22:21:26.076+0500][gc,heap      ] GC(0) Humongous regions: 0->0
[2019-10-01T22:21:26.076+0500][gc,metaspace ] GC(0) Metaspace: 16399K->16399K(1064960K)
[2019-10-01T22:21:26.076+0500][gc           ] GC(0) Pause Young (Normal) (G1 Evacuation Pause) 51M->6M(1024M) 8.785ms
[2019-10-01T22:21:26.076+0500][gc,cpu       ] GC(0) User=0.03s Sys=0.01s Real=0.01s
[2019-10-01T22:21:26.366+0500][gc,start     ] GC(1) Pause Young (Concurrent Start) (Metadata GC Threshold)
[2019-10-01T22:21:26.366+0500][gc,task      ] GC(1) Using 10 workers of 10 for evacuation
[2019-10-01T22:21:26.372+0500][gc,phases    ] GC(1)   Pre Evacuate Collection Set: 0.0ms
[2019-10-01T22:21:26.372+0500][gc,phases    ] GC(1)   Evacuate Collection Set: 5.8ms
[2019-10-01T22:21:26.372+0500][gc,phases    ] GC(1)   Post Evacuate Collection Set: 0.2ms
[2019-10-01T22:21:26.372+0500][gc,phases    ] GC(1)   Other: 0.2ms
[2019-10-01T22:21:26.372+0500][gc,heap      ] GC(1) Eden regions: 19->0(49)
[2019-10-01T22:21:26.372+0500][gc,heap      ] GC(1) Survivor regions: 6->2(7)
[2019-10-01T22:21:26.372+0500][gc,heap      ] GC(1) Old regions: 0->6
[2019-10-01T22:21:26.372+0500][gc,heap      ] GC(1) Archive regions: 2->2
[2019-10-01T22:21:26.372+0500][gc,heap      ] GC(1) Humongous regions: 129->129
[2019-10-01T22:21:26.372+0500][gc,metaspace ] GC(1) Metaspace: 20508K->20508K(1067008K)
[2019-10-01T22:21:26.372+0500][gc           ] GC(1) Pause Young (Concurrent Start) (Metadata GC Threshold) 154M->136M(1024M) 6.405ms
[2019-10-01T22:21:26.372+0500][gc,cpu       ] GC(1) User=0.02s Sys=0.00s Real=0.01s
[2019-10-01T22:21:26.373+0500][gc           ] GC(2) Concurrent Cycle
[2019-10-01T22:21:26.373+0500][gc,marking   ] GC(2) Concurrent Clear Claimed Marks
[2019-10-01T22:21:26.373+0500][gc,marking   ] GC(2) Concurrent Clear Claimed Marks 0.019ms
[2019-10-01T22:21:26.373+0500][gc,marking   ] GC(2) Concurrent Scan Root Regions
[2019-10-01T22:21:26.374+0500][gc,marking   ] GC(2) Concurrent Scan Root Regions 1.445ms
[2019-10-01T22:21:26.374+0500][gc,marking   ] GC(2) Concurrent Mark (1.394s)
[2019-10-01T22:21:26.374+0500][gc,marking   ] GC(2) Concurrent Mark From Roots
[2019-10-01T22:21:26.374+0500][gc,task      ] GC(2) Using 3 workers of 3 for marking
[2019-10-01T22:21:26.375+0500][gc,marking   ] GC(2) Concurrent Mark From Roots 1.083ms
[2019-10-01T22:21:26.375+0500][gc,marking   ] GC(2) Concurrent Preclean
[2019-10-01T22:21:26.375+0500][gc,marking   ] GC(2) Concurrent Preclean 0.036ms
[2019-10-01T22:21:26.375+0500][gc,marking   ] GC(2) Concurrent Mark (1.394s, 1.395s) 1.171ms
[2019-10-01T22:21:26.375+0500][gc,start     ] GC(2) Pause Remark
[2019-10-01T22:21:26.376+0500][gc,stringtable] GC(2) Cleaned string table, strings: 4881 processed, 0 removed
[2019-10-01T22:21:26.376+0500][gc            ] GC(2) Pause Remark 137M->137M(1024M) 0.733ms
[2019-10-01T22:21:26.376+0500][gc,cpu        ] GC(2) User=0.01s Sys=0.00s Real=0.00s
[2019-10-01T22:21:26.376+0500][gc,marking    ] GC(2) Concurrent Rebuild Remembered Sets
[2019-10-01T22:21:26.377+0500][gc,marking    ] GC(2) Concurrent Rebuild Remembered Sets 1.306ms
[2019-10-01T22:21:26.378+0500][gc,start      ] GC(2) Pause Cleanup
[2019-10-01T22:21:26.378+0500][gc            ] GC(2) Pause Cleanup 137M->137M(1024M) 0.133ms
[2019-10-01T22:21:26.378+0500][gc,cpu        ] GC(2) User=0.00s Sys=0.00s Real=0.00s
[2019-10-01T22:21:26.378+0500][gc,marking    ] GC(2) Concurrent Cleanup for Next Mark
[2019-10-01T22:21:26.383+0500][gc,marking    ] GC(2) Concurrent Cleanup for Next Mark 5.329ms
[2019-10-01T22:21:26.383+0500][gc            ] GC(2) Concurrent Cycle 10.988ms
[2019-10-01T22:21:43.257+0500][gc,start      ] GC(3) Pause Young (Normal) (G1 Evacuation Pause)
[2019-10-01T22:21:43.257+0500][gc,task       ] GC(3) Using 10 workers of 10 for evacuation
[2019-10-01T22:21:43.260+0500][gc,phases     ] GC(3)   Pre Evacuate Collection Set: 0.0ms
[2019-10-01T22:21:43.260+0500][gc,phases     ] GC(3)   Evacuate Collection Set: 2.3ms
[2019-10-01T22:21:43.260+0500][gc,phases     ] GC(3)   Post Evacuate Collection Set: 0.4ms
[2019-10-01T22:21:43.260+0500][gc,phases     ] GC(3)   Other: 0.1ms
[2019-10-01T22:21:43.260+0500][gc,heap       ] GC(3) Eden regions: 49->0(47)
[2019-10-01T22:21:43.260+0500][gc,heap       ] GC(3) Survivor regions: 2->4(7)
[2019-10-01T22:21:43.260+0500][gc,heap       ] GC(3) Old regions: 6->6
[2019-10-01T22:21:43.260+0500][gc,heap       ] GC(3) Archive regions: 2->2
[2019-10-01T22:21:43.260+0500][gc,heap       ] GC(3) Humongous regions: 129->0
[2019-10-01T22:21:43.260+0500][gc,metaspace  ] GC(3) Metaspace: 29139K->29139K(1075200K)
[2019-10-01T22:21:43.260+0500][gc            ] GC(3) Pause Young (Normal) (G1 Evacuation Pause) 185M->10M(1024M) 2.915ms
[2019-10-01T22:21:43.260+0500][gc,cpu        ] GC(3) User=0.02s Sys=0.00s Real=0.01s
[2019-10-01T22:21:43.271+0500][gc,heap,exit  ] Heap
[2019-10-01T22:21:43.271+0500][gc,heap,exit  ]  garbage-first heap   total 1048576K, used 11392K [0x00000007c0000000, 0x0000000800000000)
[2019-10-01T22:21:43.271+0500][gc,heap,exit  ]   region size 1024K, 6 young (6144K), 4 survivors (4096K)
[2019-10-01T22:21:43.271+0500][gc,heap,exit  ]  Metaspace       used 29171K, capacity 30608K, committed 30768K, reserved 1075200K
[2019-10-01T22:21:43.271+0500][gc,heap,exit  ]   class space    used 4049K, capacity 4692K, committed 4736K, reserved 1048576K
