[2019-10-02T21:54:24.634+0500][gc,heap] Heap region size: 1M
[2019-10-02T21:54:24.645+0500][gc     ] Using G1
[2019-10-02T21:54:24.645+0500][gc,heap,coops] Heap address: 0x00000007c0000000, size: 1024 MB, Compressed Oops mode: Zero based, Oop shift amount: 3
[2019-10-02T21:54:24.645+0500][gc,cds       ] Mark closed archive regions in map: [0x00000007fff00000, 0x00000007fff6fff8]
[2019-10-02T21:54:24.646+0500][gc,cds       ] Mark open archive regions in map: [0x00000007ffe00000, 0x00000007ffe47ff8]
[2019-10-02T21:54:24.663+0500][gc           ] Periodic GC disabled
[2019-10-02T21:54:26.006+0500][gc,start     ] GC(0) Pause Young (Normal) (G1 Evacuation Pause)
[2019-10-02T21:54:26.006+0500][gc,task      ] GC(0) Using 10 workers of 10 for evacuation
[2019-10-02T21:54:26.015+0500][gc,phases    ] GC(0)   Pre Evacuate Collection Set: 0.0ms
[2019-10-02T21:54:26.015+0500][gc,phases    ] GC(0)   Evacuate Collection Set: 8.0ms
[2019-10-02T21:54:26.015+0500][gc,phases    ] GC(0)   Post Evacuate Collection Set: 0.4ms
[2019-10-02T21:54:26.015+0500][gc,phases    ] GC(0)   Other: 0.6ms
[2019-10-02T21:54:26.015+0500][gc,heap      ] GC(0) Eden regions: 51->0(44)
[2019-10-02T21:54:26.015+0500][gc,heap      ] GC(0) Survivor regions: 0->7(7)
[2019-10-02T21:54:26.015+0500][gc,heap      ] GC(0) Old regions: 0->0
[2019-10-02T21:54:26.015+0500][gc,heap      ] GC(0) Archive regions: 2->2
[2019-10-02T21:54:26.015+0500][gc,heap      ] GC(0) Humongous regions: 0->0
[2019-10-02T21:54:26.015+0500][gc,metaspace ] GC(0) Metaspace: 16898K->16898K(1064960K)
[2019-10-02T21:54:26.015+0500][gc           ] GC(0) Pause Young (Normal) (G1 Evacuation Pause) 51M->6M(1024M) 9.131ms
[2019-10-02T21:54:26.015+0500][gc,cpu       ] GC(0) User=0.03s Sys=0.02s Real=0.01s
[2019-10-02T21:54:26.274+0500][gc,start     ] GC(1) Pause Young (Concurrent Start) (Metadata GC Threshold)
[2019-10-02T21:54:26.274+0500][gc,task      ] GC(1) Using 10 workers of 10 for evacuation
[2019-10-02T21:54:26.280+0500][gc,phases    ] GC(1)   Pre Evacuate Collection Set: 0.0ms
[2019-10-02T21:54:26.280+0500][gc,phases    ] GC(1)   Evacuate Collection Set: 5.5ms
[2019-10-02T21:54:26.280+0500][gc,phases    ] GC(1)   Post Evacuate Collection Set: 0.2ms
[2019-10-02T21:54:26.280+0500][gc,phases    ] GC(1)   Other: 0.2ms
[2019-10-02T21:54:26.280+0500][gc,heap      ] GC(1) Eden regions: 17->0(49)
[2019-10-02T21:54:26.280+0500][gc,heap      ] GC(1) Survivor regions: 7->2(7)
[2019-10-02T21:54:26.280+0500][gc,heap      ] GC(1) Old regions: 0->6
[2019-10-02T21:54:26.280+0500][gc,heap      ] GC(1) Archive regions: 2->2
[2019-10-02T21:54:26.280+0500][gc,heap      ] GC(1) Humongous regions: 129->129
[2019-10-02T21:54:26.280+0500][gc,metaspace ] GC(1) Metaspace: 20611K->20611K(1067008K)
[2019-10-02T21:54:26.280+0500][gc           ] GC(1) Pause Young (Concurrent Start) (Metadata GC Threshold) 152M->137M(1024M) 6.110ms
[2019-10-02T21:54:26.280+0500][gc,cpu       ] GC(1) User=0.02s Sys=0.01s Real=0.01s
[2019-10-02T21:54:26.280+0500][gc           ] GC(2) Concurrent Cycle
[2019-10-02T21:54:26.280+0500][gc,marking   ] GC(2) Concurrent Clear Claimed Marks
[2019-10-02T21:54:26.280+0500][gc,marking   ] GC(2) Concurrent Clear Claimed Marks 0.022ms
[2019-10-02T21:54:26.280+0500][gc,marking   ] GC(2) Concurrent Scan Root Regions
[2019-10-02T21:54:26.282+0500][gc,marking   ] GC(2) Concurrent Scan Root Regions 1.632ms
[2019-10-02T21:54:26.282+0500][gc,marking   ] GC(2) Concurrent Mark (1.658s)
[2019-10-02T21:54:26.282+0500][gc,marking   ] GC(2) Concurrent Mark From Roots
[2019-10-02T21:54:26.282+0500][gc,task      ] GC(2) Using 3 workers of 3 for marking
[2019-10-02T21:54:26.283+0500][gc,marking   ] GC(2) Concurrent Mark From Roots 1.059ms
[2019-10-02T21:54:26.283+0500][gc,marking   ] GC(2) Concurrent Preclean
[2019-10-02T21:54:26.283+0500][gc,marking   ] GC(2) Concurrent Preclean 0.036ms
[2019-10-02T21:54:26.283+0500][gc,marking   ] GC(2) Concurrent Mark (1.658s, 1.659s) 1.151ms
[2019-10-02T21:54:26.283+0500][gc,start     ] GC(2) Pause Remark
[2019-10-02T21:54:26.284+0500][gc,stringtable] GC(2) Cleaned string table, strings: 4801 processed, 0 removed
[2019-10-02T21:54:26.284+0500][gc            ] GC(2) Pause Remark 137M->137M(1024M) 0.681ms
[2019-10-02T21:54:26.284+0500][gc,cpu        ] GC(2) User=0.01s Sys=0.00s Real=0.00s
[2019-10-02T21:54:26.284+0500][gc,marking    ] GC(2) Concurrent Rebuild Remembered Sets
[2019-10-02T21:54:26.286+0500][gc,marking    ] GC(2) Concurrent Rebuild Remembered Sets 1.623ms
[2019-10-02T21:54:26.286+0500][gc,start      ] GC(2) Pause Cleanup
[2019-10-02T21:54:26.286+0500][gc            ] GC(2) Pause Cleanup 138M->138M(1024M) 0.114ms
[2019-10-02T21:54:26.286+0500][gc,cpu        ] GC(2) User=0.00s Sys=0.00s Real=0.00s
[2019-10-02T21:54:26.286+0500][gc,marking    ] GC(2) Concurrent Cleanup for Next Mark
[2019-10-02T21:54:26.291+0500][gc,marking    ] GC(2) Concurrent Cleanup for Next Mark 5.235ms
[2019-10-02T21:54:26.291+0500][gc            ] GC(2) Concurrent Cycle 11.293ms
[2019-10-02T21:54:47.208+0500][gc,start      ] GC(3) Pause Young (Normal) (G1 Evacuation Pause)
[2019-10-02T21:54:47.209+0500][gc,task       ] GC(3) Using 10 workers of 10 for evacuation
[2019-10-02T21:54:47.211+0500][gc,phases     ] GC(3)   Pre Evacuate Collection Set: 0.0ms
[2019-10-02T21:54:47.211+0500][gc,phases     ] GC(3)   Evacuate Collection Set: 2.3ms
[2019-10-02T21:54:47.211+0500][gc,phases     ] GC(3)   Post Evacuate Collection Set: 0.3ms
[2019-10-02T21:54:47.211+0500][gc,phases     ] GC(3)   Other: 0.1ms
[2019-10-02T21:54:47.211+0500][gc,heap       ] GC(3) Eden regions: 49->0(47)
[2019-10-02T21:54:47.211+0500][gc,heap       ] GC(3) Survivor regions: 2->4(7)
[2019-10-02T21:54:47.211+0500][gc,heap       ] GC(3) Old regions: 6->6
[2019-10-02T21:54:47.211+0500][gc,heap       ] GC(3) Archive regions: 2->2
[2019-10-02T21:54:47.211+0500][gc,heap       ] GC(3) Humongous regions: 129->0
[2019-10-02T21:54:47.211+0500][gc,metaspace  ] GC(3) Metaspace: 29606K->29606K(1075200K)
[2019-10-02T21:54:47.211+0500][gc            ] GC(3) Pause Young (Normal) (G1 Evacuation Pause) 186M->10M(1024M) 2.976ms
[2019-10-02T21:54:47.211+0500][gc,cpu        ] GC(3) User=0.02s Sys=0.00s Real=0.01s
[2019-10-02T21:54:47.218+0500][gc,heap,exit  ] Heap
[2019-10-02T21:54:47.218+0500][gc,heap,exit  ]  garbage-first heap   total 1048576K, used 11470K [0x00000007c0000000, 0x0000000800000000)
[2019-10-02T21:54:47.218+0500][gc,heap,exit  ]   region size 1024K, 6 young (6144K), 4 survivors (4096K)
[2019-10-02T21:54:47.218+0500][gc,heap,exit  ]  Metaspace       used 29635K, capacity 31083K, committed 31408K, reserved 1075200K
[2019-10-02T21:54:47.218+0500][gc,heap,exit  ]   class space    used 4118K, capacity 4764K, committed 4864K, reserved 1048576K
