[2019-10-01T22:23:11.715+0500][gc,heap] Heap region size: 1M
[2019-10-01T22:23:11.724+0500][gc     ] Using G1
[2019-10-01T22:23:11.724+0500][gc,heap,coops] Heap address: 0x00000007c0000000, size: 1024 MB, Compressed Oops mode: Zero based, Oop shift amount: 3
[2019-10-01T22:23:11.724+0500][gc,cds       ] Mark closed archive regions in map: [0x00000007fff00000, 0x00000007fff6fff8]
[2019-10-01T22:23:11.724+0500][gc,cds       ] Mark open archive regions in map: [0x00000007ffe00000, 0x00000007ffe47ff8]
[2019-10-01T22:23:11.738+0500][gc           ] Periodic GC disabled
[2019-10-01T22:23:12.888+0500][gc,start     ] GC(0) Pause Young (Normal) (G1 Evacuation Pause)
[2019-10-01T22:23:12.888+0500][gc,task      ] GC(0) Using 10 workers of 10 for evacuation
[2019-10-01T22:23:12.895+0500][gc,phases    ] GC(0)   Pre Evacuate Collection Set: 0.0ms
[2019-10-01T22:23:12.895+0500][gc,phases    ] GC(0)   Evacuate Collection Set: 6.6ms
[2019-10-01T22:23:12.895+0500][gc,phases    ] GC(0)   Post Evacuate Collection Set: 0.3ms
[2019-10-01T22:23:12.895+0500][gc,phases    ] GC(0)   Other: 0.5ms
[2019-10-01T22:23:12.895+0500][gc,heap      ] GC(0) Eden regions: 51->0(45)
[2019-10-01T22:23:12.895+0500][gc,heap      ] GC(0) Survivor regions: 0->6(7)
[2019-10-01T22:23:12.895+0500][gc,heap      ] GC(0) Old regions: 0->0
[2019-10-01T22:23:12.895+0500][gc,heap      ] GC(0) Archive regions: 2->2
[2019-10-01T22:23:12.895+0500][gc,heap      ] GC(0) Humongous regions: 0->0
[2019-10-01T22:23:12.896+0500][gc,metaspace ] GC(0) Metaspace: 16899K->16899K(1064960K)
[2019-10-01T22:23:12.896+0500][gc           ] GC(0) Pause Young (Normal) (G1 Evacuation Pause) 51M->6M(1024M) 7.563ms
[2019-10-01T22:23:12.896+0500][gc,cpu       ] GC(0) User=0.03s Sys=0.01s Real=0.01s
[2019-10-01T22:23:13.123+0500][gc,start     ] GC(1) Pause Young (Concurrent Start) (Metadata GC Threshold)
[2019-10-01T22:23:13.123+0500][gc,task      ] GC(1) Using 10 workers of 10 for evacuation
[2019-10-01T22:23:13.129+0500][gc,phases    ] GC(1)   Pre Evacuate Collection Set: 0.0ms
[2019-10-01T22:23:13.129+0500][gc,phases    ] GC(1)   Evacuate Collection Set: 5.5ms
[2019-10-01T22:23:13.129+0500][gc,phases    ] GC(1)   Post Evacuate Collection Set: 0.2ms
[2019-10-01T22:23:13.129+0500][gc,phases    ] GC(1)   Other: 0.2ms
[2019-10-01T22:23:13.129+0500][gc,heap      ] GC(1) Eden regions: 17->0(49)
[2019-10-01T22:23:13.130+0500][gc,heap      ] GC(1) Survivor regions: 6->2(7)
[2019-10-01T22:23:13.130+0500][gc,heap      ] GC(1) Old regions: 0->6
[2019-10-01T22:23:13.130+0500][gc,heap      ] GC(1) Archive regions: 2->2
[2019-10-01T22:23:13.130+0500][gc,heap      ] GC(1) Humongous regions: 129->129
[2019-10-01T22:23:13.130+0500][gc,metaspace ] GC(1) Metaspace: 20539K->20539K(1067008K)
[2019-10-01T22:23:13.130+0500][gc           ] GC(1) Pause Young (Concurrent Start) (Metadata GC Threshold) 152M->137M(1024M) 6.137ms
[2019-10-01T22:23:13.130+0500][gc,cpu       ] GC(1) User=0.03s Sys=0.00s Real=0.01s
[2019-10-01T22:23:13.130+0500][gc           ] GC(2) Concurrent Cycle
[2019-10-01T22:23:13.130+0500][gc,marking   ] GC(2) Concurrent Clear Claimed Marks
[2019-10-01T22:23:13.130+0500][gc,marking   ] GC(2) Concurrent Clear Claimed Marks 0.020ms
[2019-10-01T22:23:13.130+0500][gc,marking   ] GC(2) Concurrent Scan Root Regions
[2019-10-01T22:23:13.131+0500][gc,marking   ] GC(2) Concurrent Scan Root Regions 1.486ms
[2019-10-01T22:23:13.131+0500][gc,marking   ] GC(2) Concurrent Mark (1.424s)
[2019-10-01T22:23:13.131+0500][gc,marking   ] GC(2) Concurrent Mark From Roots
[2019-10-01T22:23:13.131+0500][gc,task      ] GC(2) Using 3 workers of 3 for marking
[2019-10-01T22:23:13.132+0500][gc,marking   ] GC(2) Concurrent Mark From Roots 1.076ms
[2019-10-01T22:23:13.132+0500][gc,marking   ] GC(2) Concurrent Preclean
[2019-10-01T22:23:13.132+0500][gc,marking   ] GC(2) Concurrent Preclean 0.031ms
[2019-10-01T22:23:13.132+0500][gc,marking   ] GC(2) Concurrent Mark (1.424s, 1.425s) 1.149ms
[2019-10-01T22:23:13.132+0500][gc,start     ] GC(2) Pause Remark
[2019-10-01T22:23:13.133+0500][gc,stringtable] GC(2) Cleaned string table, strings: 4781 processed, 0 removed
[2019-10-01T22:23:13.133+0500][gc            ] GC(2) Pause Remark 137M->137M(1024M) 0.680ms
[2019-10-01T22:23:13.133+0500][gc,cpu        ] GC(2) User=0.01s Sys=0.00s Real=0.00s
[2019-10-01T22:23:13.133+0500][gc,marking    ] GC(2) Concurrent Rebuild Remembered Sets
[2019-10-01T22:23:13.135+0500][gc,marking    ] GC(2) Concurrent Rebuild Remembered Sets 1.465ms
[2019-10-01T22:23:13.135+0500][gc,start      ] GC(2) Pause Cleanup
[2019-10-01T22:23:13.135+0500][gc            ] GC(2) Pause Cleanup 138M->138M(1024M) 0.119ms
[2019-10-01T22:23:13.135+0500][gc,cpu        ] GC(2) User=0.00s Sys=0.00s Real=0.00s
[2019-10-01T22:23:13.135+0500][gc,marking    ] GC(2) Concurrent Cleanup for Next Mark
[2019-10-01T22:23:13.141+0500][gc,marking    ] GC(2) Concurrent Cleanup for Next Mark 5.495ms
[2019-10-01T22:23:13.141+0500][gc            ] GC(2) Concurrent Cycle 11.194ms
[2019-10-01T22:25:49.251+0500][gc,start      ] GC(3) Pause Young (Normal) (G1 Evacuation Pause)
[2019-10-01T22:25:49.251+0500][gc,task       ] GC(3) Using 10 workers of 10 for evacuation
[2019-10-01T22:25:49.254+0500][gc,phases     ] GC(3)   Pre Evacuate Collection Set: 0.0ms
[2019-10-01T22:25:49.255+0500][gc,phases     ] GC(3)   Evacuate Collection Set: 3.2ms
[2019-10-01T22:25:49.255+0500][gc,phases     ] GC(3)   Post Evacuate Collection Set: 0.4ms
[2019-10-01T22:25:49.255+0500][gc,phases     ] GC(3)   Other: 0.2ms
[2019-10-01T22:25:49.255+0500][gc,heap       ] GC(3) Eden regions: 49->0(46)
[2019-10-01T22:25:49.255+0500][gc,heap       ] GC(3) Survivor regions: 2->5(7)
[2019-10-01T22:25:49.255+0500][gc,heap       ] GC(3) Old regions: 6->6
[2019-10-01T22:25:49.255+0500][gc,heap       ] GC(3) Archive regions: 2->2
[2019-10-01T22:25:49.255+0500][gc,heap       ] GC(3) Humongous regions: 129->129
[2019-10-01T22:25:49.255+0500][gc,metaspace  ] GC(3) Metaspace: 28908K->28908K(1075200K)
[2019-10-01T22:25:49.255+0500][gc            ] GC(3) Pause Young (Normal) (G1 Evacuation Pause) 186M->139M(1024M) 4.006ms
[2019-10-01T22:25:49.255+0500][gc,cpu        ] GC(3) User=0.03s Sys=0.00s Real=0.00s
[2019-10-01T22:26:38.575+0500][gc,heap,exit  ] Heap
[2019-10-01T22:26:38.575+0500][gc,heap,exit  ]  garbage-first heap   total 1048576K, used 153373K [0x00000007c0000000, 0x0000000800000000)
[2019-10-01T22:26:38.575+0500][gc,heap,exit  ]   region size 1024K, 16 young (16384K), 5 survivors (5120K)
[2019-10-01T22:26:38.575+0500][gc,heap,exit  ]  Metaspace       used 29787K, capacity 31290K, committed 31408K, reserved 1075200K
[2019-10-01T22:26:38.575+0500][gc,heap,exit  ]   class space    used 4151K, capacity 4821K, committed 4864K, reserved 1048576K
