[2019-10-01T22:17:19.305+0500][gc,heap] Heap region size: 1M
[2019-10-01T22:17:19.310+0500][gc     ] Using G1
[2019-10-01T22:17:19.310+0500][gc,heap,coops] Heap address: 0x00000007e0000000, size: 512 MB, Compressed Oops mode: Zero based, Oop shift amount: 3
[2019-10-01T22:17:19.311+0500][gc,cds       ] Mark closed archive regions in map: [0x00000007fff00000, 0x00000007fff6fff8]
[2019-10-01T22:17:19.311+0500][gc,cds       ] Mark open archive regions in map: [0x00000007ffe00000, 0x00000007ffe47ff8]
[2019-10-01T22:17:19.325+0500][gc           ] Periodic GC disabled
[2019-10-01T22:18:31.159+0500][gc,heap,exit ] Heap
[2019-10-01T22:18:31.159+0500][gc,heap,exit ]  garbage-first heap   total 524288K, used 16096K [0x00000007e0000000, 0x0000000800000000)
[2019-10-01T22:18:31.159+0500][gc,heap,exit ]   region size 1024K, 16 young (16384K), 0 survivors (0K)
[2019-10-01T22:18:31.159+0500][gc,heap,exit ]  Metaspace       used 5796K, capacity 6036K, committed 6144K, reserved 1056768K
[2019-10-01T22:18:31.159+0500][gc,heap,exit ]   class space    used 665K, capacity 759K, committed 768K, reserved 1048576K
