[2019-10-02T21:46:38.059+0500][gc,heap] Heap region size: 1M
[2019-10-02T21:46:38.064+0500][gc     ] Using G1
[2019-10-02T21:46:38.064+0500][gc,heap,coops] Heap address: 0x00000007e0000000, size: 512 MB, Compressed Oops mode: Zero based, Oop shift amount: 3
[2019-10-02T21:46:38.065+0500][gc,cds       ] Mark closed archive regions in map: [0x00000007fff00000, 0x00000007fff6fff8]
[2019-10-02T21:46:38.065+0500][gc,cds       ] Mark open archive regions in map: [0x00000007ffe00000, 0x00000007ffe47ff8]
[2019-10-02T21:46:38.078+0500][gc           ] Periodic GC disabled
[2019-10-02T21:54:47.182+0500][gc,heap,exit ] Heap
[2019-10-02T21:54:47.182+0500][gc,heap,exit ]  garbage-first heap   total 524288K, used 25312K [0x00000007e0000000, 0x0000000800000000)
[2019-10-02T21:54:47.182+0500][gc,heap,exit ]   region size 1024K, 25 young (25600K), 0 survivors (0K)
[2019-10-02T21:54:47.182+0500][gc,heap,exit ]  Metaspace       used 7590K, capacity 7916K, committed 8192K, reserved 1056768K
[2019-10-02T21:54:47.182+0500][gc,heap,exit ]   class space    used 817K, capacity 935K, committed 1024K, reserved 1048576K
